Compiling 1 files with 1.1.0
Ylem 1.1.0 finished in 35.28ms
Compiler run successful
Script ran successfully.
Energy used: 25301

== Logs ==
  script ran
  1
  2
