Compiling 2 files with 1.1.0
Ylem 1.1.0 finished in 185.25ms
Compiler run successful

Running 1 test for src/nested/spark-tests/MyTest.t.sol:MyTest
[PASS] testTrue() (gas: 234)
Test result: ok. 1 passed; 0 failed; 0 skipped; finished in 2.93ms
Ran 1 test suites: 1 tests passed, 0 failed, 0 skipped (1 total tests)
