Compiling 1 files with 1.1.0
Ylem 1.1.0 finished in 33.25ms
Compiler run successful
