Compiling 22 files with 1.1.0
Ylem 1.1.0 finished in 1.95s
Compiler run successful

Running 1 test for test/Contract.t.sol:ContractTest
[PASS] test() (gas: 67042)
Test result: ok. 1 passed; 0 failed; 0 skipped; finished in 3.21s
Ran 1 test suites: 1 tests passed, 0 failed, 0 skipped (1 total tests)
