Compiling 2 files with 1.1.0
Ylem 1.1.0 finished in 424.55ms
Compiler run successful

Running 1 test for src/ATest.t.sol:ATest
[PASS] testExample() (gas: 212)
Test result: ok. 1 passed; 0 failed; 0 skipped; finished in 4.42ms
Ran 1 test suites: 1 tests passed, 0 failed, 0 skipped (1 total tests)
