Compiling 1 files with 1.1.0
Ylem 1.1.0 finished in 34.45ms
Compiler run successful
