Compiling 1 files with 1.1.0
Solc 1.1.0 finished in 23.70ms
Compiler run successful!
Script ran successfully.
Gas used: 22815

== Logs ==
  script ran
