Compiling 1 files with 1.1.0
Ylem 1.1.0 finished in 24.49ms
Compiler run successful
Script ran successfully.
Energy used: 22815

== Logs ==
  script ran
