No files changed, compilation skipped
Deployer: cb58e5dd06163a480c22d540ec763325a0b5860fb56c
Deployed to: cb16d7eb4c425440af9e5d562267dd707c35f40c7fe4
Transaction hash: 0xb69f3be8be8d33caafca7acb64bf0b0b839a14e7266744d3cc53b755538656de
