Compiling 21 files with 1.1.0
Solc 1.1.0 finished in 2.27s
Compiler run successful!
Deployer: cb77531c365fa0f1d46d65440e95c3ba6a2d21a62d85
Deployed to: 0x5FbDB2315678afecb367f032d93F642f64180aa3
Transaction hash: 0x4c3d9f7c4cc26876b43a11ba7ff218374471786a8ae8bf5574deb1d97fc1e851
