- address: cb19c7acc4c292d2943ba23c2eaa5d9c5a6652a8710c
  blockHash: 0xe55ede2d388837893a8634d05824f7745f263d05d76683ed97d7ea8eed4de96a
  blockNumber: 6797829
  data: 0x000000000000000000000000000000000000000000001fc3842bd1f071c00000
  logIndex: 0
  removed: false
  topics: [
  	0xc17a9d92b89f27cb79cc390f23a1a5d302fefab8c7911075ede952ac2b5607a1
  	0x00000000000000000000cb12f515d8d1bb1f18994719602afb6617d182d722a8
  	0x00000000000000000000cb83decf9503684237ef6a37695a0bb8c1dad6552eed
  ]
  transactionHash: 0x63cfeded6f603cea835fbdb2fd6d0b21538274cf7dfb3a25e14a6bcf665642db
  transactionIndex: 0
