Compiling 1 files with 1.1.0
Solc 1.1.0 
Compiler run successful!

No tests found in project! Forge looks for functions that starts with `test`.
