Compiling 1 files with 1.1.0
Ylem 1.1.0 
Compiler run successful

No tests match the provided pattern:
	match-test: `testA.*`
	no-match-test: `testB.*`
	match-contract: `TestC.*`
	no-match-contract: `TestD.*`
	match-path: `*TestE*`
	no-match-path: `*TestF*`
